============================= test session starts =============================
platform win32 -- Python 3.13.2, pytest-8.3.4, pluggy-1.5.0
rootdir: C:\Users\nikumar\PycharmProjects\MattamyHomes
configfile: pytest.ini
plugins: allure-pytest-2.13.5, html-4.1.1, html-reporter-0.2.9, metadata-3.1.1
collected 4 items

tests/test_sorting.py::TestSorting::test_community_redirection PASSED    [ 25%]
tests/test_sorting.py::TestSorting::test_qmi_redirection PASSED          [ 50%]
tests/test_sorting.py::TestSorting::test_plan_redirection PASSED         [ 75%]
tests/test_sorting.py::TestSorting::test_metro_redirection 
INTERNALERROR> Traceback (most recent call last):
INTERNALERROR>   File "C:\Users\nikumar\PycharmProjects\automation_framework\.venv\Lib\site-packages\_pytest\main.py", line 283, in wrap_session
INTERNALERROR>     session.exitstatus = doit(config, session) or 0
INTERNALERROR>                          ~~~~^^^^^^^^^^^^^^^^^
INTERNALERROR>   File "C:\Users\nikumar\PycharmProjects\automation_framework\.venv\Lib\site-packages\_pytest\main.py", line 337, in _main
INTERNALERROR>     config.hook.pytest_runtestloop(session=session)
INTERNALERROR>     ~~~~~~~~~~~~~~~~~~~~~~~~~~~~~~^^^^^^^^^^^^^^^^^
INTERNALERROR>   File "C:\Users\nikumar\PycharmProjects\automation_framework\.venv\Lib\site-packages\pluggy\_hooks.py", line 513, in __call__
INTERNALERROR>     return self._hookexec(self.name, self._hookimpls.copy(), kwargs, firstresult)
INTERNALERROR>            ~~~~~~~~~~~~~~^^^^^^^^^^^^^^^^^^^^^^^^^^^^^^^^^^^^^^^^^^^^^^^^^^^^^^^^
INTERNALERROR>   File "C:\Users\nikumar\PycharmProjects\automation_framework\.venv\Lib\site-packages\pluggy\_manager.py", line 120, in _hookexec
INTERNALERROR>     return self._inner_hookexec(hook_name, methods, kwargs, firstresult)
INTERNALERROR>            ~~~~~~~~~~~~~~~~~~~~^^^^^^^^^^^^^^^^^^^^^^^^^^^^^^^^^^^^^^^^^
INTERNALERROR>   File "C:\Users\nikumar\PycharmProjects\automation_framework\.venv\Lib\site-packages\pluggy\_callers.py", line 139, in _multicall
INTERNALERROR>     raise exception.with_traceback(exception.__traceback__)
INTERNALERROR>   File "C:\Users\nikumar\PycharmProjects\automation_framework\.venv\Lib\site-packages\pluggy\_callers.py", line 122, in _multicall
INTERNALERROR>     teardown.throw(exception)  # type: ignore[union-attr]
INTERNALERROR>     ~~~~~~~~~~~~~~^^^^^^^^^^^
INTERNALERROR>   File "C:\Users\nikumar\PycharmProjects\automation_framework\.venv\Lib\site-packages\_pytest\logging.py", line 803, in pytest_runtestloop
INTERNALERROR>     return (yield)  # Run all the tests.
INTERNALERROR>             ^^^^^
INTERNALERROR>   File "C:\Users\nikumar\PycharmProjects\automation_framework\.venv\Lib\site-packages\pluggy\_callers.py", line 122, in _multicall
INTERNALERROR>     teardown.throw(exception)  # type: ignore[union-attr]
INTERNALERROR>     ~~~~~~~~~~~~~~^^^^^^^^^^^
INTERNALERROR>   File "C:\Users\nikumar\PycharmProjects\automation_framework\.venv\Lib\site-packages\_pytest\terminal.py", line 673, in pytest_runtestloop
INTERNALERROR>     result = yield
INTERNALERROR>              ^^^^^
INTERNALERROR>   File "C:\Users\nikumar\PycharmProjects\automation_framework\.venv\Lib\site-packages\pluggy\_callers.py", line 103, in _multicall
INTERNALERROR>     res = hook_impl.function(*args)
INTERNALERROR>   File "C:\Users\nikumar\PycharmProjects\automation_framework\.venv\Lib\site-packages\_pytest\main.py", line 362, in pytest_runtestloop
INTERNALERROR>     item.config.hook.pytest_runtest_protocol(item=item, nextitem=nextitem)
INTERNALERROR>     ~~~~~~~~~~~~~~~~~~~~~~~~~~~~~~~~~~~~~~~~^^^^^^^^^^^^^^^^^^^^^^^^^^^^^^
INTERNALERROR>   File "C:\Users\nikumar\PycharmProjects\automation_framework\.venv\Lib\site-packages\pluggy\_hooks.py", line 513, in __call__
INTERNALERROR>     return self._hookexec(self.name, self._hookimpls.copy(), kwargs, firstresult)
INTERNALERROR>            ~~~~~~~~~~~~~~^^^^^^^^^^^^^^^^^^^^^^^^^^^^^^^^^^^^^^^^^^^^^^^^^^^^^^^^
INTERNALERROR>   File "C:\Users\nikumar\PycharmProjects\automation_framework\.venv\Lib\site-packages\pluggy\_manager.py", line 120, in _hookexec
INTERNALERROR>     return self._inner_hookexec(hook_name, methods, kwargs, firstresult)
INTERNALERROR>            ~~~~~~~~~~~~~~~~~~~~^^^^^^^^^^^^^^^^^^^^^^^^^^^^^^^^^^^^^^^^^
INTERNALERROR>   File "C:\Users\nikumar\PycharmProjects\automation_framework\.venv\Lib\site-packages\pluggy\_callers.py", line 139, in _multicall
INTERNALERROR>     raise exception.with_traceback(exception.__traceback__)
INTERNALERROR>   File "C:\Users\nikumar\PycharmProjects\automation_framework\.venv\Lib\site-packages\pluggy\_callers.py", line 122, in _multicall
INTERNALERROR>     teardown.throw(exception)  # type: ignore[union-attr]
INTERNALERROR>     ~~~~~~~~~~~~~~^^^^^^^^^^^
INTERNALERROR>   File "C:\Users\nikumar\PycharmProjects\automation_framework\.venv\Lib\site-packages\_pytest\warnings.py", line 112, in pytest_runtest_protocol
INTERNALERROR>     return (yield)
INTERNALERROR>             ^^^^^
INTERNALERROR>   File "C:\Users\nikumar\PycharmProjects\automation_framework\.venv\Lib\site-packages\pluggy\_callers.py", line 122, in _multicall
INTERNALERROR>     teardown.throw(exception)  # type: ignore[union-attr]
INTERNALERROR>     ~~~~~~~~~~~~~~^^^^^^^^^^^
INTERNALERROR>   File "C:\Users\nikumar\PycharmProjects\automation_framework\.venv\Lib\site-packages\_pytest\assertion\__init__.py", line 176, in pytest_runtest_protocol
INTERNALERROR>     return (yield)
INTERNALERROR>             ^^^^^
INTERNALERROR>   File "C:\Users\nikumar\PycharmProjects\automation_framework\.venv\Lib\site-packages\pluggy\_callers.py", line 122, in _multicall
INTERNALERROR>     teardown.throw(exception)  # type: ignore[union-attr]
INTERNALERROR>     ~~~~~~~~~~~~~~^^^^^^^^^^^
INTERNALERROR>   File "C:\Users\nikumar\PycharmProjects\automation_framework\.venv\Lib\site-packages\_pytest\unittest.py", line 429, in pytest_runtest_protocol
INTERNALERROR>     res = yield
INTERNALERROR>           ^^^^^
INTERNALERROR>   File "C:\Users\nikumar\PycharmProjects\automation_framework\.venv\Lib\site-packages\pluggy\_callers.py", line 122, in _multicall
INTERNALERROR>     teardown.throw(exception)  # type: ignore[union-attr]
INTERNALERROR>     ~~~~~~~~~~~~~~^^^^^^^^^^^
INTERNALERROR>   File "C:\Users\nikumar\PycharmProjects\automation_framework\.venv\Lib\site-packages\_pytest\faulthandler.py", line 88, in pytest_runtest_protocol
INTERNALERROR>     return (yield)
INTERNALERROR>             ^^^^^
INTERNALERROR>   File "C:\Users\nikumar\PycharmProjects\automation_framework\.venv\Lib\site-packages\pluggy\_callers.py", line 103, in _multicall
INTERNALERROR>     res = hook_impl.function(*args)
INTERNALERROR>   File "C:\Users\nikumar\PycharmProjects\automation_framework\.venv\Lib\site-packages\_pytest\runner.py", line 113, in pytest_runtest_protocol
INTERNALERROR>     runtestprotocol(item, nextitem=nextitem)
INTERNALERROR>     ~~~~~~~~~~~~~~~^^^^^^^^^^^^^^^^^^^^^^^^^
INTERNALERROR>   File "C:\Users\nikumar\PycharmProjects\automation_framework\.venv\Lib\site-packages\_pytest\runner.py", line 132, in runtestprotocol
INTERNALERROR>     reports.append(call_and_report(item, "call", log))
INTERNALERROR>                    ~~~~~~~~~~~~~~~^^^^^^^^^^^^^^^^^^^
INTERNALERROR>   File "C:\Users\nikumar\PycharmProjects\automation_framework\.venv\Lib\site-packages\_pytest\runner.py", line 244, in call_and_report
INTERNALERROR>     report: TestReport = ihook.pytest_runtest_makereport(item=item, call=call)
INTERNALERROR>                          ~~~~~~~~~~~~~~~~~~~~~~~~~~~~~~~^^^^^^^^^^^^^^^^^^^^^^
INTERNALERROR>   File "C:\Users\nikumar\PycharmProjects\automation_framework\.venv\Lib\site-packages\pluggy\_hooks.py", line 513, in __call__
INTERNALERROR>     return self._hookexec(self.name, self._hookimpls.copy(), kwargs, firstresult)
INTERNALERROR>            ~~~~~~~~~~~~~~^^^^^^^^^^^^^^^^^^^^^^^^^^^^^^^^^^^^^^^^^^^^^^^^^^^^^^^^
INTERNALERROR>   File "C:\Users\nikumar\PycharmProjects\automation_framework\.venv\Lib\site-packages\pluggy\_manager.py", line 120, in _hookexec
INTERNALERROR>     return self._inner_hookexec(hook_name, methods, kwargs, firstresult)
INTERNALERROR>            ~~~~~~~~~~~~~~~~~~~~^^^^^^^^^^^^^^^^^^^^^^^^^^^^^^^^^^^^^^^^^
INTERNALERROR>   File "C:\Users\nikumar\PycharmProjects\automation_framework\.venv\Lib\site-packages\pluggy\_callers.py", line 156, in _multicall
INTERNALERROR>     teardown[0].send(outcome)
INTERNALERROR>     ~~~~~~~~~~~~~~~~^^^^^^^^^
INTERNALERROR>   File "C:\Users\nikumar\PycharmProjects\MattamyHomes\conftest.py", line 42, in pytest_runtest_makereport
INTERNALERROR>     print(f"\U0001f4f8 Screenshot saved at: {screenshot_path}")  # Debug log
INTERNALERROR>     ~~~~~^^^^^^^^^^^^^^^^^^^^^^^^^^^^^^^^^^^^^^^^^^^^^^
INTERNALERROR>   File "C:\Program Files\WindowsApps\PythonSoftwareFoundation.Python.3.13_3.13.752.0_x64__qbz5n2kfra8p0\Lib\encodings\cp1252.py", line 19, in encode
INTERNALERROR>     return codecs.charmap_encode(input,self.errors,encoding_table)[0]
INTERNALERROR>            ~~~~~~~~~~~~~~~~~~~~~^^^^^^^^^^^^^^^^^^^^^^^^^^^^^^^^^^
INTERNALERROR> UnicodeEncodeError: 'charmap' codec can't encode character '\U0001f4f8' in position 0: character maps to <undefined>

================== 3 passed, 1 warning in 149.97s (0:02:29) ===================
